Pulling 43 tickers (Yahoo daily 4y)...
  got 42/43

split: IS=601d  OOS=402d   TOPK=8 by IN-SAMPLE Sharpe

pair          IS Sharpe OOS Sharpe  selected
XOM-VLO           +1.46      +0.11      <SEL
CVX-VLO           +0.95      +1.69      <SEL
PNC-TFC           +0.83      -1.05      <SEL
COP-OXY           +0.39      +0.50      <SEL
PSX-VLO           +0.30      +0.31      <SEL
PFE-MRK           +0.25      -0.13      <SEL
XOM-CVX           +0.14      -0.52      <SEL
AMD-MU            +0.13      -0.42      <SEL
VLO-MPC           +0.04      -0.23          
HD-LOW            +0.04      -0.59          
MPC-PSX           -0.04      -0.75          
JPM-WFC           -0.07      +0.39          
WMT-COST          -0.08      -0.78          
USB-PNC           -0.08      -0.86          
AEM-KGC           -0.08      -0.05          
V-MA              -0.11      +0.38          
RY-CM             -0.18      -0.51          
BNS-BMO           -0.19      -0.83          
KGC-WPM           -0.19      -0.49          
BAC-TFC           -0.22      -1.00          
AAPL-GOOGL        -0.22      -0.32          
TD-BMO            -0.39      -1.80          
GS-MS             -0.51      +0.24          
JPM-BAC           -0.59      +0.63          
DAL-LUV           -0.69      -0.08          
PFE-ABBV          -0.72      -0.20          
ABBV-LLY          -0.78      +0.04          
NEM-AEM           -0.95      -0.51          

=== OUT-OF-SAMPLE portfolio (last 402d, net 8.0bps/leg) ===
   SELECTED top-8 (by IS Sharpe):  OOS Sharpe +0.12  totRet +1.2%  maxDD -4.9%
   ALL 28 pairs (benchmark):     OOS Sharpe -1.03  totRet -5.5%  maxDD -6.9%

   VERDICT: selection does NOT clearly persist -> in-sample luck / marginal.
EXIT 0
